
> relayer-graphcomplete@0.0.0 test:desktop:visual-node-details
> npm run build && node scripts/run-desktop-visual-node-details-test.mjs


> relayer-graphcomplete@0.0.0 prebuild
> npm run prepare:renderer


> relayer-graphcomplete@0.0.0 prepare:renderer
> node scripts/prepare-renderer-vendor.mjs


> relayer-graphcomplete@0.0.0 build
> node scripts/clean-dist.mjs && cargo build -p relayer-app-server -p relayer-graph-server && tsc -p tsconfig.build.json && npm run build:packages

warning: field `layout` is never read
  --> crates/relayer-graph-server/src/search_index.rs:61:5
   |
59 | struct LadybugRuntime {
   |        -------------- field in this struct
60 |     store: StdRwLock<Arc<LadybugStore>>,
61 |     layout: StoreLayout,
   |     ^^^^^^
   |
   = note: `#[warn(dead_code)]` (part of `#[warn(unused)]`) on by default

warning: method `root` is never used
  --> crates/relayer-graph-server/src/search_index/store.rs:49:12
   |
40 | impl StoreLayout {
   | ---------------- method in this implementation
...
49 |     pub fn root(&self) -> &Path {
   |            ^^^^

warning: function `rows` is never used
   --> crates/relayer-graph-server/src/search_index/store.rs:645:8
    |
645 | pub fn rows(connection: &Connection<'_>, query: &str) -> Result<Vec<Vec<Value>>> {
    |        ^^^^

warning: `relayer-graph-server` (lib) generated 3 warnings
    Finished `dev` profile [unoptimized + debuginfo] target(s) in 0.53s

> relayer-graphcomplete@0.0.0 build:packages
> npm run build -w @relayer/graph-client && npm run build -w @relayer/visual-assets && npm run build -w @relayer/harness-host && npm run build -w @relayer/eval-runner


> @relayer/graph-client@0.0.0 prebuild
> node scripts/clean-dist.mjs


> @relayer/graph-client@0.0.0 build
> node scripts/generate-query-errors.mjs --check && tsc -p tsconfig.build.json && node scripts/package-runtime-deps.mjs


> @relayer/visual-assets@0.0.0 build
> tsc -p tsconfig.build.json


> @relayer/harness-host@0.0.0 build
> tsc -p tsconfig.build.json


> @relayer/eval-runner@0.0.0 build
> tsc -p tsconfig.build.json

{
  "schemaVersion": 1,
  "paidInferenceCalls": 0,
  "runId": "run-2026-09-28T04-43-06-013Z-6bd717c3",
  "executionId": "2fc4b470-03f0-482d-bce6-94717e5541ac",
  "threadId": 1,
  "turnId": 1,
  "acceptedPackageIntegrity": "747f1499075b5ec9492df1e4a21bbea32d1e5bf86b7197ea8ee0a923262e0a8f",
  "screenshot": {
    "schemaVersion": 1,
    "screenshotId": "shot-e3ddb085-c02b-4623-967b-151244e79db1",
    "label": "Accepted visual Node Detail in read-only Product workspace",
    "executionId": "2fc4b470-03f0-482d-bce6-94717e5541ac",
    "threadId": "1",
    "threadRevision": "thread:1:updated:1790570586024:input-draft:0:interactions:1:1:accepted:server-input-draft:0",
    "turnId": "1",
    "layerId": "8",
    "selectedNodeId": "24",
    "activatedActionId": null,
    "navigationPath": [
      {
        "layerId": "8",
        "viaActionId": null
      }
    ],
    "viewport": {
      "width": 1480,
      "height": 892,
      "deviceScaleFactor": 2
    },
    "captureTarget": {
      "kind": "element",
      "elementRef": "node-detail"
    },
    "mode": "full",
    "tileCount": 2,
    "tiles": [
      {
        "index": 0,
        "width": 604,
        "height": 1392,
        "contentDigest": "sha256:759079130d4855cbda8384a63b3e5b20e261449b6ff3807dfc1ce7dab6f7082d"
      },
      {
        "index": 1,
        "width": 604,
        "height": 1392,
        "contentDigest": "sha256:237ffd29cbc41e4a5e5d9636b550186eea4d1cc178a5a16d92f01c5e88c42867"
      }
    ],
    "contentDigest": "sha256:d94927a4df6e135499c1cd9ec6dbc1fdb3284dae83dd62a01e1de5d436490d70"
  },
  "screenshotDirectory": "/Volumes/2T-SSD/worktrees/factory-418/.relayer/evidence/visual-node-details/run-2026-09-28T04-43-02.829Z-2d6c9283/shot-e3ddb085-c02b-4623-967b-151244e79db1",
  "assertions": {
    "themes": {
      "eval": [
        {
          "theme": "light",
          "value": "",
          "sameInput": true,
          "samePage": true,
          "scrollPreserved": true,
          "valuePreserved": true,
          "cssPreserved": true,
          "focusPreserved": true,
          "disabled": true,
          "textColor": "rgb(24, 44, 52)",
          "surface": "rgb(250, 251, 249)",
          "contrast": {
            "text": 13.965359149081287,
            "chartLabel": 5.115437270903876,
            "control": 12.705142515620947
          },
          "visibleAssets": [
            {
              "alt": "Accepted detail status illustration light",
              "width": 300,
              "source": "blob:"
            }
          ],
          "screenshot": {
            "schemaVersion": 1,
            "screenshotId": "shot-6f514a39-f429-4135-8053-25533a2be38d",
            "label": "Accepted Eval detail light",
            "executionId": "2fc4b470-03f0-482d-bce6-94717e5541ac",
            "threadId": "1",
            "threadRevision": "thread:1:updated:1790570586024:input-draft:0:interactions:1:1:accepted:server-input-draft:0",
            "turnId": "1",
            "layerId": "8",
            "selectedNodeId": "24",
            "activatedActionId": null,
            "navigationPath": [
              {
                "layerId": "8",
                "viaActionId": null
              }
            ],
            "viewport": {
              "width": 1480,
              "height": 892,
              "deviceScaleFactor": 2
            },
            "captureTarget": {
              "kind": "element",
              "elementRef": "node-detail"
            },
            "mode": "full",
            "tileCount": 2,
            "tiles": [
              {
                "index": 0,
                "width": 604,
                "height": 1392,
                "contentDigest": "sha256:a309927b24584c8ce49393827215f23b370cd34a40a7fa39a0d7570e369947b9"
              },
              {
                "index": 1,
                "width": 604,
                "height": 1392,
                "contentDigest": "sha256:873922819f7dac841deb2968ec41146e3e1faf69b08d6b5779d7a50df203c671"
              }
            ],
            "contentDigest": "sha256:3a445902efb811a81f8a4438eb4a7d2ca2017d56d219140146479206f6ad6f8a"
          },
          "screenshotDirectory": "/Volumes/2T-SSD/worktrees/factory-418/.relayer/evidence/visual-node-details/run-2026-09-28T04-43-02.829Z-2d6c9283/shot-6f514a39-f429-4135-8053-25533a2be38d"
        },
        {
          "theme": "dark",
          "value": "",
          "sameInput": true,
          "samePage": true,
          "scrollPreserved": true,
          "valuePreserved": true,
          "cssPreserved": true,
          "focusPreserved": true,
          "disabled": true,
          "textColor": "rgb(237, 242, 243)",
          "surface": "rgb(18, 22, 25)",
          "contrast": {
            "text": 16.107089408195918,
            "chartLabel": 11.545498752860093,
            "control": 14.252953083549349
          },
          "visibleAssets": [
            {
              "alt": "Accepted detail status illustration",
              "width": 300,
              "source": "blob:"
            }
          ],
          "screenshot": {
            "schemaVersion": 1,
            "screenshotId": "shot-5f642392-cdfc-469f-a711-34cb241d2908",
            "label": "Accepted Eval detail dark",
            "executionId": "2fc4b470-03f0-482d-bce6-94717e5541ac",
            "threadId": "1",
            "threadRevision": "thread:1:updated:1790570586024:input-draft:0:interactions:1:1:accepted:server-input-draft:0",
            "turnId": "1",
            "layerId": "8",
            "selectedNodeId": "24",
            "activatedActionId": null,
            "navigationPath": [
              {
                "layerId": "8",
                "viaActionId": null
              }
            ],
            "viewport": {
              "width": 1480,
              "height": 892,
              "deviceScaleFactor": 2
            },
            "captureTarget": {
              "kind": "element",
              "elementRef": "node-detail"
            },
            "mode": "full",
            "tileCount": 2,
            "tiles": [
              {
                "index": 0,
                "width": 604,
                "height": 1392,
                "contentDigest": "sha256:622dad950862aafc79c00b99088948bb7da8f4f353215dfe932065a6a30e9d19"
              },
              {
                "index": 1,
                "width": 604,
                "height": 1392,
                "contentDigest": "sha256:237ffd29cbc41e4a5e5d9636b550186eea4d1cc178a5a16d92f01c5e88c42867"
              }
            ],
            "contentDigest": "sha256:856c88a9462756fe3e266b9961ce4af9d231c7d1612510a4c453a3bc714b952d"
          },
          "screenshotDirectory": "/Volumes/2T-SSD/worktrees/factory-418/.relayer/evidence/visual-node-details/run-2026-09-28T04-43-02.829Z-2d6c9283/shot-5f642392-cdfc-469f-a711-34cb241d2908"
        }
      ],
      "product": [
        {
          "theme": "light",
          "value": "Keep energy for dinner and lights",
          "sameInput": true,
          "samePage": true,
          "scrollPreserved": true,
          "valuePreserved": true,
          "cssPreserved": true,
          "focusPreserved": true,
          "disabled": false,
          "textColor": "rgb(24, 44, 52)",
          "surface": "rgb(250, 251, 249)",
          "contrast": {
            "text": 13.965359149081287,
            "chartLabel": 5.115437270903876,
            "control": 12.705142515620947
          },
          "visibleAssets": [
            {
              "alt": "Accepted detail status illustration light",
              "width": 300,
              "source": "blob:"
            }
          ],
          "screenshotPaths": [
            "/Volumes/2T-SSD/worktrees/factory-418/.relayer/evidence/visual-node-details/run-2026-09-28T04-43-02.829Z-2d6c9283/product-0-light-0.png"
          ]
        },
        {
          "theme": "dark",
          "value": "Keep energy for dinner and lights",
          "sameInput": true,
          "samePage": true,
          "scrollPreserved": true,
          "valuePreserved": true,
          "cssPreserved": true,
          "focusPreserved": true,
          "disabled": false,
          "textColor": "rgb(237, 242, 243)",
          "surface": "rgb(18, 22, 25)",
          "contrast": {
            "text": 16.107089408195918,
            "chartLabel": 11.545498752860093,
            "control": 14.252953083549349
          },
          "visibleAssets": [
            {
              "alt": "Accepted detail status illustration",
              "width": 300,
              "source": "blob:"
            }
          ],
          "screenshotPaths": [
            "/Volumes/2T-SSD/worktrees/factory-418/.relayer/evidence/visual-node-details/run-2026-09-28T04-43-02.829Z-2d6c9283/product-1-dark-0.png"
          ]
        },
        {
          "theme": "light",
          "value": "Keep energy for dinner and lights",
          "sameInput": true,
          "samePage": true,
          "scrollPreserved": true,
          "valuePreserved": true,
          "cssPreserved": true,
          "focusPreserved": true,
          "disabled": false,
          "textColor": "rgb(24, 44, 52)",
          "surface": "rgb(250, 251, 249)",
          "contrast": {
            "text": 13.965359149081287,
            "chartLabel": 5.115437270903876,
            "control": 12.705142515620947
          },
          "visibleAssets": [
            {
              "alt": "Accepted detail status illustration light",
              "width": 300,
              "source": "blob:"
            }
          ],
          "screenshotPaths": [
            "/Volumes/2T-SSD/worktrees/factory-418/.relayer/evidence/visual-node-details/run-2026-09-28T04-43-02.829Z-2d6c9283/product-2-light-0.png"
          ]
        }
      ],
      "reopened": [
        {
          "theme": "light",
          "value": "",
          "sameInput": true,
          "samePage": true,
          "scrollPreserved": true,
          "valuePreserved": true,
          "cssPreserved": true,
          "focusPreserved": true,
          "disabled": true,
          "textColor": "rgb(24, 44, 52)",
          "surface": "rgb(250, 251, 249)",
          "contrast": {
            "text": 13.965359149081287,
            "chartLabel": 5.115437270903876,
            "control": 12.705142515620947
          },
          "visibleAssets": [
            {
              "alt": "Accepted detail status illustration light",
              "width": 300,
              "source": "blob:"
            }
          ],
          "screenshot": {
            "schemaVersion": 1,
            "screenshotId": "shot-47dfcad9-f599-4006-a0a8-a76cd5d8631c",
            "label": "Reopened Eval detail light",
            "executionId": "2fc4b470-03f0-482d-bce6-94717e5541ac",
            "threadId": "1",
            "threadRevision": "thread:1:updated:1790570586024:input-draft:0:interactions:1:1:accepted:server-input-draft:0",
            "turnId": "1",
            "layerId": "8",
            "selectedNodeId": "24",
            "activatedActionId": null,
            "navigationPath": [
              {
                "layerId": "8",
                "viaActionId": null
              }
            ],
            "viewport": {
              "width": 1480,
              "height": 892,
              "deviceScaleFactor": 2
            },
            "captureTarget": {
              "kind": "element",
              "elementRef": "node-detail"
            },
            "mode": "full",
            "tileCount": 2,
            "tiles": [
              {
                "index": 0,
                "width": 604,
                "height": 1392,
                "contentDigest": "sha256:a309927b24584c8ce49393827215f23b370cd34a40a7fa39a0d7570e369947b9"
              },
              {
                "index": 1,
                "width": 604,
                "height": 1392,
                "contentDigest": "sha256:873922819f7dac841deb2968ec41146e3e1faf69b08d6b5779d7a50df203c671"
              }
            ],
            "contentDigest": "sha256:d16991d722a6d34ab4dbdcd35917a4912e93699f8ebb198baf364864b2dcc945"
          },
          "screenshotDirectory": "/Volumes/2T-SSD/worktrees/factory-418/.relayer/evidence/visual-node-details/run-2026-09-28T04-43-02.829Z-2d6c9283/shot-47dfcad9-f599-4006-a0a8-a76cd5d8631c"
        },
        {
          "theme": "dark",
          "value": "",
          "sameInput": true,
          "samePage": true,
          "scrollPreserved": true,
          "valuePreserved": true,
          "cssPreserved": true,
          "focusPreserved": true,
          "disabled": true,
          "textColor": "rgb(237, 242, 243)",
          "surface": "rgb(18, 22, 25)",
          "contrast": {
            "text": 16.107089408195918,
            "chartLabel": 11.545498752860093,
            "control": 14.252953083549349
          },
          "visibleAssets": [
            {
              "alt": "Accepted detail status illustration",
              "width": 300,
              "source": "blob:"
            }
          ],
          "screenshot": {
            "schemaVersion": 1,
            "screenshotId": "shot-a88ac023-7328-4001-bb7a-ea5b022c284b",
            "label": "Reopened Eval detail dark",
            "executionId": "2fc4b470-03f0-482d-bce6-94717e5541ac",
            "threadId": "1",
            "threadRevision": "thread:1:updated:1790570586024:input-draft:0:interactions:1:1:accepted:server-input-draft:0",
            "turnId": "1",
            "layerId": "8",
            "selectedNodeId": "24",
            "activatedActionId": null,
            "navigationPath": [
              {
                "layerId": "8",
                "viaActionId": null
              }
            ],
            "viewport": {
              "width": 1480,
              "height": 892,
              "deviceScaleFactor": 2
            },
            "captureTarget": {
              "kind": "element",
              "elementRef": "node-detail"
            },
            "mode": "full",
            "tileCount": 2,
            "tiles": [
              {
                "index": 0,
                "width": 604,
                "height": 1392,
                "contentDigest": "sha256:622dad950862aafc79c00b99088948bb7da8f4f353215dfe932065a6a30e9d19"
              },
              {
                "index": 1,
                "width": 604,
                "height": 1392,
                "contentDigest": "sha256:237ffd29cbc41e4a5e5d9636b550186eea4d1cc178a5a16d92f01c5e88c42867"
              }
            ],
            "contentDigest": "sha256:1202432ab7e9ee46071a3be87bc3aa4752ae6aed880b21fc77c620be6e4cc326"
          },
          "screenshotDirectory": "/Volumes/2T-SSD/worktrees/factory-418/.relayer/evidence/visual-node-details/run-2026-09-28T04-43-02.829Z-2d6c9283/shot-a88ac023-7328-4001-bb7a-ea5b022c284b"
        }
      ],
      "imported": [
        {
          "theme": "light",
          "value": "",
          "sameInput": true,
          "samePage": true,
          "scrollPreserved": true,
          "valuePreserved": true,
          "cssPreserved": true,
          "focusPreserved": true,
          "disabled": true,
          "textColor": "rgb(24, 44, 52)",
          "surface": "rgb(250, 251, 249)",
          "contrast": {
            "text": 13.965359149081287,
            "chartLabel": 5.115437270903876,
            "control": 12.705142515620947
          },
          "visibleAssets": [
            {
              "alt": "Accepted detail status illustration light",
              "width": 300,
              "source": "blob:"
            }
          ],
          "screenshot": {
            "schemaVersion": 1,
            "screenshotId": "shot-c7eda66e-97ae-4ce8-9eb5-7ad62a098bf6",
            "label": "Imported Eval detail light",
            "executionId": "execution-ed6076ed-b491-4330-a89a-c0de0daad6a6",
            "threadId": "2",
            "threadRevision": "thread:2:updated:1790570586024:input-draft:none:interactions:2:1:accepted:server-input-draft:none",
            "turnId": "2",
            "layerId": "9",
            "selectedNodeId": "27",
            "activatedActionId": null,
            "navigationPath": [
              {
                "layerId": "9",
                "viaActionId": null
              }
            ],
            "viewport": {
              "width": 1480,
              "height": 892,
              "deviceScaleFactor": 2
            },
            "captureTarget": {
              "kind": "element",
              "elementRef": "node-detail"
            },
            "mode": "full",
            "tileCount": 2,
            "tiles": [
              {
                "index": 0,
                "width": 604,
                "height": 1392,
                "contentDigest": "sha256:a309927b24584c8ce49393827215f23b370cd34a40a7fa39a0d7570e369947b9"
              },
              {
                "index": 1,
                "width": 604,
                "height": 1392,
                "contentDigest": "sha256:873922819f7dac841deb2968ec41146e3e1faf69b08d6b5779d7a50df203c671"
              }
            ],
            "contentDigest": "sha256:d2e7c9d61368cb98815f44eec1580062ec6e5d6a3e6082d21df3e65808502e2d"
          },
          "screenshotDirectory": "/Volumes/2T-SSD/worktrees/factory-418/.relayer/evidence/visual-node-details/run-2026-09-28T04-43-02.829Z-2d6c9283/shot-c7eda66e-97ae-4ce8-9eb5-7ad62a098bf6"
        },
        {
          "theme": "dark",
          "value": "",
          "sameInput": true,
          "samePage": true,
          "scrollPreserved": true,
          "valuePreserved": true,
          "cssPreserved": true,
          "focusPreserved": true,
          "disabled": true,
          "textColor": "rgb(237, 242, 243)",
          "surface": "rgb(18, 22, 25)",
          "contrast": {
            "text": 16.107089408195918,
            "chartLabel": 11.545498752860093,
            "control": 14.252953083549349
          },
          "visibleAssets": [
            {
              "alt": "Accepted detail status illustration",
              "width": 300,
              "source": "blob:"
            }
          ],
          "screenshot": {
            "schemaVersion": 1,
            "screenshotId": "shot-0548ad00-49ac-4cf4-856d-eaebbe04110b",
            "label": "Imported Eval detail dark",
            "executionId": "execution-ed6076ed-b491-4330-a89a-c0de0daad6a6",
            "threadId": "2",
            "threadRevision": "thread:2:updated:1790570586024:input-draft:none:interactions:2:1:accepted:server-input-draft:none",
            "turnId": "2",
            "layerId": "9",
            "selectedNodeId": "27",
            "activatedActionId": null,
            "navigationPath": [
              {
                "layerId": "9",
                "viaActionId": null
              }
            ],
            "viewport": {
              "width": 1480,
              "height": 892,
              "deviceScaleFactor": 2
            },
            "captureTarget": {
              "kind": "element",
              "elementRef": "node-detail"
            },
            "mode": "full",
            "tileCount": 2,
            "tiles": [
              {
                "index": 0,
                "width": 604,
                "height": 1392,
                "contentDigest": "sha256:622dad950862aafc79c00b99088948bb7da8f4f353215dfe932065a6a30e9d19"
              },
              {
                "index": 1,
                "width": 604,
                "height": 1392,
                "contentDigest": "sha256:237ffd29cbc41e4a5e5d9636b550186eea4d1cc178a5a16d92f01c5e88c42867"
              }
            ],
            "contentDigest": "sha256:7f91cbaa362ad94e838c9fa7666306cdabea57a5bf84ceffa3215e963bda15aa"
          },
          "screenshotDirectory": "/Volumes/2T-SSD/worktrees/factory-418/.relayer/evidence/visual-node-details/run-2026-09-28T04-43-02.829Z-2d6c9283/shot-0548ad00-49ac-4cf4-856d-eaebbe04110b"
        }
      ],
      "acceptedPackageUnchanged": true
    },
    "ordinaryEvalProductState": true,
    "authoredLayoutMounted": true,
    "controlsDiscovered": [
      "Open implementation notes",
      "Open referenced evidence",
      "Open fixture documentation",
      "Investigate follow-up",
      "Review note"
    ],
    "expandAndReferenceNavigation": true,
    "historyRestoration": true,
    "invokeAndInputDisabled": true,
    "serverMutationRejected": {
      "status": 403,
      "code": "read_only_session"
    },
    "reopened": true,
    "visualAsset": {
      "id": "asset_0ad3ee0b-162d-4035-9630-dc4d8e4e1ef0",
      "digestSha256": "0499cefdad4591290c673fa233821e8101512ee67ad8aec4c78f12d5df81e2f4",
      "renderedAsset": {
        "alt": "Accepted detail status illustration",
        "assetState": "available",
        "sourceProtocol": "blob:",
        "complete": true,
        "naturalWidth": 300
      }
    },
    "visualAssetReopened": {
      "alt": "Accepted detail status illustration",
      "assetState": "available",
      "sourceProtocol": "blob:",
      "complete": true,
      "naturalWidth": 300
    },
    "visualAssetExportImport": {
      "exportPath": "/Volumes/2T-SSD/worktrees/factory-418/.relayer/evidence/visual-node-details/run-2026-09-28T04-43-02.829Z-2d6c9283/conversation.jsonl",
      "importedRunId": "import-ed6076ed-b491-4330-a89a-c0de0daad6a6",
      "importedExecutionId": "execution-ed6076ed-b491-4330-a89a-c0de0daad6a6",
      "importedThreadId": 2,
      "pinPreserved": true,
      "renderedAsset": {
        "alt": "Accepted detail status illustration",
        "assetState": "available",
        "sourceProtocol": "blob:",
        "complete": true,
        "naturalWidth": 300
      },
      "portabilityPending": false,
      "screenshot": {
        "schemaVersion": 1,
        "screenshotId": "shot-7c8a7fa9-92c7-41c2-8e6b-bba485996b21",
        "label": "Imported accepted visual Node Detail with portable image bytes",
        "executionId": "execution-ed6076ed-b491-4330-a89a-c0de0daad6a6",
        "threadId": "2",
        "threadRevision": "thread:2:updated:1790570586024:input-draft:none:interactions:2:1:accepted:server-input-draft:none",
        "turnId": "2",
        "layerId": "9",
        "selectedNodeId": "27",
        "activatedActionId": null,
        "navigationPath": [
          {
            "layerId": "9",
            "viaActionId": null
          }
        ],
        "viewport": {
          "width": 1480,
          "height": 892,
          "deviceScaleFactor": 2
        },
        "captureTarget": {
          "kind": "element",
          "elementRef": "node-detail"
        },
        "mode": "full",
        "tileCount": 2,
        "tiles": [
          {
            "index": 0,
            "width": 604,
            "height": 1392,
            "contentDigest": "sha256:622dad950862aafc79c00b99088948bb7da8f4f353215dfe932065a6a30e9d19"
          },
          {
            "index": 1,
            "width": 604,
            "height": 1392,
            "contentDigest": "sha256:237ffd29cbc41e4a5e5d9636b550186eea4d1cc178a5a16d92f01c5e88c42867"
          }
        ],
        "contentDigest": "sha256:2a8714d392d085a99b2e6e973a1892ba3ed2eafd860fd6477c6d16a0fca1084c"
      },
      "screenshotDirectory": "/Volumes/2T-SSD/worktrees/factory-418/.relayer/evidence/visual-node-details/run-2026-09-28T04-43-02.829Z-2d6c9283/shot-7c8a7fa9-92c7-41c2-8e6b-bba485996b21"
    }
  },
  "manifestSha256": "682f48a2103c44260cc42c250204c0e550975b6e1af612ba9435ed6b4ac16f29",
  "manifestPath": "/Volumes/2T-SSD/worktrees/factory-418/.relayer/evidence/visual-node-details/run-2026-09-28T04-43-02.829Z-2d6c9283/manifest.json"
}
Visual Node Detail Electron proof passed: /Volumes/2T-SSD/worktrees/factory-418/.relayer/evidence/visual-node-details/run-2026-09-28T04-43-02.829Z-2d6c9283/manifest.json
