warning: field `layout` is never read
  --> crates/relayer-graph-server/src/search_index.rs:61:5
   |
59 | struct LadybugRuntime {
   |        -------------- field in this struct
60 |     store: StdRwLock<Arc<LadybugStore>>,
61 |     layout: StoreLayout,
   |     ^^^^^^
   |
   = note: `#[warn(dead_code)]` (part of `#[warn(unused)]`) on by default

warning: method `root` is never used
  --> crates/relayer-graph-server/src/search_index/store.rs:49:12
   |
40 | impl StoreLayout {
   | ---------------- method in this implementation
...
49 |     pub fn root(&self) -> &Path {
   |            ^^^^

warning: function `rows` is never used
   --> crates/relayer-graph-server/src/search_index/store.rs:645:8
    |
645 | pub fn rows(connection: &Connection<'_>, query: &str) -> Result<Vec<Vec<Value>>> {
    |        ^^^^

warning: `relayer-graph-server` (lib) generated 3 warnings
    Finished `test` profile [unoptimized + debuginfo] target(s) in 2.57s
     Running unittests src/lib.rs (target/debug/deps/relayer_app_server-7dea12b6ff77bc5f)

running 1 test
test environment::tests::shadow_worktree_diff_supports_sha256_split_indexes ... 
thread 'environment::tests::shadow_worktree_diff_supports_sha256_split_indexes' (195448297) panicked at crates/relayer-app-server/src/environment.rs:4654:9:
assertion `left == right` failed
  left: Unavailable
 right: Git
note: run with `RUST_BACKTRACE=1` environment variable to display a backtrace
FAILED

failures:

failures:
    environment::tests::shadow_worktree_diff_supports_sha256_split_indexes

test result: FAILED. 0 passed; 1 failed; 0 ignored; 0 measured; 288 filtered out; finished in 2.37s

error: test failed, to rerun pass `-p relayer-app-server --lib`
