    Finished `test` profile [unoptimized + debuginfo] target(s) in 0.07s
     Running tests/graph_database.rs (target/debug/deps/graph_database-06c12c4bbe94e223)

running 75 tests
test authored_detail_rejects_rehashed_noncanonical_asset_schema ... ok
test authored_detail_rejects_a_package_with_corrupt_canonical_integrity ... ok
test action_presentation_errors_are_repairable ... ok
test authored_detail_assets_require_an_exact_prepared_snapshot_before_draft_mutation ... ok
test action_keys_are_scoped_to_their_source_nodes ... ok
test authored_user_interaction_nodes_cannot_open_new_write_scopes ... ok
test accepted_layers_keep_their_original_action_snapshot ... ok
test accepts_recursive_navigate_subgraph ... ok
test accepts_connected_layer_and_returns_exact_view ... ok
test action_presentation_grammar_round_trips_in_authored_order ... ok
test active_invoke_cannot_prepare_a_child_when_parent_recursion_gate_is_off ... ok
test accepted_completion_survives_database_reopen ... ok
test accepted_authored_detail_survives_caller_mutation_and_database_reopen ... ok
test concurrent_root_action_writes_allow_exactly_one_client_key ... ok
test completion_rejects_orphan_current_draft_layers ... ok
test completion_rejects_mixed_relations_to_one_new_target ... ok
test completion_rejects_navigation_to_a_discarded_layer ... ok
test creating_the_same_edge_object_twice_is_idempotent ... ok
test completion_rejects_an_edge_accepted_by_a_concurrent_interaction ... ok
test canonical_input_occurrence_uses_project_scope_with_standalone_thread_fallback ... ok
test different_threads_can_write_through_the_same_pool ... ok
test discard_layer_is_non_recursive_idempotent_and_unblocks_completion ... ok
test discard_layer_rejects_reachable_accepted_and_foreign_layers ... ok
test current_advance_is_atomic_durable_and_idempotent ... ok
test coordinate_free_accepted_history_remains_readable_after_restart ... ok
test draft_records_are_private_to_the_active_subgraph ... ok
test discarded_layer_identity_is_terminal ... ok
test expand_paths_reject_cycles_with_repair_guidance ... ok
test draft_resubmission_can_explicitly_clear_a_checkpointed_package ... ok
test draft_resubmission_without_authored_detail_preserves_checkpointed_package ... ok
test imported_action_origin_reconstructs_resolved_invoke_navigation ... ok
test imported_conversation_notes_an_authored_detail_the_export_omitted ... ok
test imported_conversation_is_materialized_read_only_and_removable ... ok
test imported_context_snapshots_deduplicate_and_remain_inert_on_nonaccepted_turns ... ok
test imported_conversation_reconnects_the_canonical_authored_detail_to_its_node ... ok
test imported_stage_without_publications_can_be_removed ... ok
test imported_cross_role_node_collision_rolls_back_atomically ... ok
test imported_submitted_input_provenance_must_be_one_exact_accepted_occurrence ... ok
test imported_unanswered_input_action_keeps_its_authored_payload ... ok
test imported_submitted_input_value_must_satisfy_the_accepted_action ... ok
test older_authored_actions_default_to_the_pill_presentation ... ok
test imported_submitted_inputs_are_semantic_inert_turn_owned_and_removable ... ok
test invalid_layout_retry_preserves_the_last_valid_draft ... ok
test invoke_actions_reject_whitespace_only_interaction_text ... ok
test invoke_actions_cannot_author_resolution_targets ... ok
test interaction_context_is_control_authored_ordered_and_excluded_from_completion ... ok
test interaction_context_rejects_duplicate_invalid_and_empty_input_atomically ... ok
test large_layers_require_a_private_bounded_justification ... ok
test normalizes_supported_icon_aliases_before_persistence ... ok
test lease_issuance_rejects_invalid_authority_kind_and_scope ... ok
test interaction_context_has_no_eight_target_cap ... ok
test ordinary_and_leased_interactions_expose_immutable_lease_identity ... ok
test leased_completion_storage_failure_rolls_back_closure_and_resolution ... ok
test leased_completion_atomically_resolves_invoke_once_and_survives_reopen ... ok
test input_actions_round_trip_all_controls_and_reject_malformed_options ... ok
test personal_presentation_attachment_is_control_owned_one_shot_and_hidden_from_completion ... ok
test personal_presentation_thread_is_reserved_from_ordinary_creation ... ok
test product_identifiers_are_external_inputs ... ok
test projection_outbox_preserves_each_revision_and_terminal_current ... ok
test project_threads_share_accepted_nodes ... ok
test rejects_disconnected_layer_with_repair_message ... ok
test published_active_invoke_prepares_one_recursive_completion_with_canonical_input ... ok
test reference_layers_cannot_author_expand_or_invoke_actions ... ok
test reference_can_target_a_visible_prior_accepted_layer_without_reaccepting_it ... ok
test rejects_missing_and_malformed_layouts_with_repairable_field_paths ... ok
test reference_layers_can_reference_each_other_in_cycles ... ok
test rejects_unsupported_node_icons_with_repair_guidance ... ok
test remint_cuts_over_broker_epoch_and_terminal_state_denies_model_reads ... ok
test resubmitting_draft_node_updates_same_object_but_accepted_is_immutable ... ok
test returning_the_existing_current_appends_a_terminal_revision_without_cloning_graph ... ok
test root_action_replay_updates_same_key_and_rejects_a_different_key_without_persisting_it ... ok
test standalone_threads_do_not_share_accepted_nodes ... ok
test submitted_input_children_are_canonical_isolated_and_retry_stable ... ok
test temporal_rollout_flags_default_off_and_enforce_stage_dependencies ... ok
test reused_action_snapshot_leases_once_concurrently_and_replays_after_reopen ... ok

test result: ok. 75 passed; 0 failed; 0 ignored; 0 measured; 0 filtered out; finished in 1.99s

