started_utc=2026-09-28T13:39:30Z
command=npm run build 

> relayer-graphcomplete@0.0.0 prebuild
> npm run prepare:renderer


> relayer-graphcomplete@0.0.0 prepare:renderer
> node scripts/prepare-renderer-vendor.mjs


> relayer-graphcomplete@0.0.0 build
> node scripts/clean-dist.mjs && cargo build -p relayer-app-server -p relayer-graph-server && tsc -p tsconfig.build.json && npm run build:packages

warning: field `layout` is never read
  --> crates/relayer-graph-server/src/search_index.rs:61:5
   |
59 | struct LadybugRuntime {
   |        -------------- field in this struct
60 |     store: StdRwLock<Arc<LadybugStore>>,
61 |     layout: StoreLayout,
   |     ^^^^^^
   |
   = note: `#[warn(dead_code)]` (part of `#[warn(unused)]`) on by default

warning: method `root` is never used
  --> crates/relayer-graph-server/src/search_index/store.rs:49:12
   |
40 | impl StoreLayout {
   | ---------------- method in this implementation
...
49 |     pub fn root(&self) -> &Path {
   |            ^^^^

warning: function `rows` is never used
   --> crates/relayer-graph-server/src/search_index/store.rs:645:8
    |
645 | pub fn rows(connection: &Connection<'_>, query: &str) -> Result<Vec<Vec<Value>>> {
    |        ^^^^

warning: `relayer-graph-server` (lib) generated 3 warnings
    Finished `dev` profile [unoptimized + debuginfo] target(s) in 0.19s

> relayer-graphcomplete@0.0.0 build:packages
> npm run build -w @relayer/graph-client && npm run build -w @relayer/visual-assets && npm run build -w @relayer/harness-host && npm run build -w @relayer/eval-runner


> @relayer/graph-client@0.0.0 prebuild
> node scripts/clean-dist.mjs


> @relayer/graph-client@0.0.0 build
> node scripts/generate-query-errors.mjs --check && tsc -p tsconfig.build.json && node scripts/package-runtime-deps.mjs


> @relayer/visual-assets@0.0.0 build
> tsc -p tsconfig.build.json


> @relayer/harness-host@0.0.0 build
> tsc -p tsconfig.build.json


> @relayer/eval-runner@0.0.0 build
> tsc -p tsconfig.build.json

	Command being timed: "npm run build"
	User time (seconds): 17.57
	System time (seconds): 0.74
	Percent of CPU this job got: 224%
	Elapsed (wall clock) time (h:mm:ss or m:ss): 0:08.17
	Average shared text size (kbytes): 0
	Average unshared data size (kbytes): 0
	Average stack size (kbytes): 0
	Average total size (kbytes): 0
	Maximum resident set size (kbytes): 347404
	Average resident set size (kbytes): 0
	Major (requiring I/O) page faults: 0
	Minor (reclaiming a frame) page faults: 372714
	Voluntary context switches: 8071
	Involuntary context switches: 575
	Swaps: 0
	File system inputs: 6168
	File system outputs: 5736
	Socket messages sent: 0
	Socket messages received: 0
	Signals delivered: 0
	Page size (bytes): 4096
	Exit status: 0
