Starting isolated Electron first-message smoke test...
Electron application ready.
Error occurred in handler for 'relayer:layer-selections-read': Error: No handler registered for 'relayer:layer-selections-read'
    at Session.<anonymous> (node:electron/js2c/browser_init:2:115037)
    at Session.emit (node:events:509:28)
Error occurred in handler for 'relayer:workspace-layout-read': Error: No handler registered for 'relayer:workspace-layout-read'
    at Session.<anonymous> (node:electron/js2c/browser_init:2:115037)
    at Session.emit (node:events:509:28)
Error occurred in handler for 'relayer:layer-selections-remember': Error: No handler registered for 'relayer:layer-selections-remember'
    at Session.<anonymous> (node:electron/js2c/browser_init:2:115037)
    at Session.emit (node:events:509:28)
Error occurred in handler for 'relayer:layer-selections-remember': Error: No handler registered for 'relayer:layer-selections-remember'
    at Session.<anonymous> (node:electron/js2c/browser_init:2:115037)
    at Session.emit (node:events:509:28)
Error occurred in handler for 'relayer:layer-selections-remember': Error: No handler registered for 'relayer:layer-selections-remember'
    at Session.<anonymous> (node:electron/js2c/browser_init:2:115037)
    at Session.emit (node:events:509:28)
Error occurred in handler for 'relayer:layer-selections-remember': Error: No handler registered for 'relayer:layer-selections-remember'
    at Session.<anonymous> (node:electron/js2c/browser_init:2:115037)
    at Session.emit (node:events:509:28)
Error occurred in handler for 'relayer:layer-selections-remember': Error: No handler registered for 'relayer:layer-selections-remember'
    at Session.<anonymous> (node:electron/js2c/browser_init:2:115037)
    at Session.emit (node:events:509:28)
Error occurred in handler for 'relayer:layer-selections-remember': Error: No handler registered for 'relayer:layer-selections-remember'
    at Session.<anonymous> (node:electron/js2c/browser_init:2:115037)
    at Session.emit (node:events:509:28)
Error occurred in handler for 'relayer:layer-selections-remember': Error: No handler registered for 'relayer:layer-selections-remember'
    at Session.<anonymous> (node:electron/js2c/browser_init:2:115037)
    at Session.emit (node:events:509:28)
Error occurred in handler for 'relayer:layer-selections-remember': Error: No handler registered for 'relayer:layer-selections-remember'
    at Session.<anonymous> (node:electron/js2c/browser_init:2:115037)
    at Session.emit (node:events:509:28)
Error occurred in handler for 'relayer:layer-selections-remember': Error: No handler registered for 'relayer:layer-selections-remember'
    at Session.<anonymous> (node:electron/js2c/browser_init:2:115037)
    at Session.emit (node:events:509:28)
Error occurred in handler for 'relayer:layer-selections-remember': Error: No handler registered for 'relayer:layer-selections-remember'
    at Session.<anonymous> (node:electron/js2c/browser_init:2:115037)
    at Session.emit (node:events:509:28)
Error occurred in handler for 'relayer:layer-selections-remember': Error: No handler registered for 'relayer:layer-selections-remember'
    at Session.<anonymous> (node:electron/js2c/browser_init:2:115037)
    at Session.emit (node:events:509:28)
Error occurred in handler for 'relayer:layer-selections-read': Error: No handler registered for 'relayer:layer-selections-read'
    at Session.<anonymous> (node:electron/js2c/browser_init:2:115037)
    at Session.emit (node:events:509:28)
Error occurred in handler for 'relayer:layer-selections-remember': Error: No handler registered for 'relayer:layer-selections-remember'
    at Session.<anonymous> (node:electron/js2c/browser_init:2:115037)
    at Session.emit (node:events:509:28)
Error occurred in handler for 'relayer:workspace-layout-read': Error: No handler registered for 'relayer:workspace-layout-read'
    at Session.<anonymous> (node:electron/js2c/browser_init:2:115037)
    at Session.emit (node:events:509:28)
Error occurred in handler for 'relayer:layer-selections-remember': Error: No handler registered for 'relayer:layer-selections-remember'
    at Session.<anonymous> (node:electron/js2c/browser_init:2:115037)
    at Session.emit (node:events:509:28)
Error occurred in handler for 'relayer:layer-selections-remember': Error: No handler registered for 'relayer:layer-selections-remember'
    at Session.<anonymous> (node:electron/js2c/browser_init:2:115037)
    at Session.emit (node:events:509:28)
Error occurred in handler for 'relayer:layer-selections-remember': Error: No handler registered for 'relayer:layer-selections-remember'
    at Session.<anonymous> (node:electron/js2c/browser_init:2:115037)
    at Session.emit (node:events:509:28)
Error occurred in handler for 'relayer:layer-selections-remember': Error: No handler registered for 'relayer:layer-selections-remember'
    at Session.<anonymous> (node:electron/js2c/browser_init:2:115037)
    at Session.emit (node:events:509:28)
Error occurred in handler for 'relayer:layer-selections-remember': Error: No handler registered for 'relayer:layer-selections-remember'
    at Session.<anonymous> (node:electron/js2c/browser_init:2:115037)
    at Session.emit (node:events:509:28)
Error occurred in handler for 'relayer:layer-selections-remember': Error: No handler registered for 'relayer:layer-selections-remember'
    at Session.<anonymous> (node:electron/js2c/browser_init:2:115037)
    at Session.emit (node:events:509:28)
Error occurred in handler for 'relayer:layer-selections-remember': Error: No handler registered for 'relayer:layer-selections-remember'
    at Session.<anonymous> (node:electron/js2c/browser_init:2:115037)
    at Session.emit (node:events:509:28)
Error occurred in handler for 'relayer:layer-selections-remember': Error: No handler registered for 'relayer:layer-selections-remember'
    at Session.<anonymous> (node:electron/js2c/browser_init:2:115037)
    at Session.emit (node:events:509:28)
Error occurred in handler for 'relayer:layer-selections-remember': Error: No handler registered for 'relayer:layer-selections-remember'
    at Session.<anonymous> (node:electron/js2c/browser_init:2:115037)
    at Session.emit (node:events:509:28)
Error occurred in handler for 'relayer:layer-selections-remember': Error: No handler registered for 'relayer:layer-selections-remember'
    at Session.<anonymous> (node:electron/js2c/browser_init:2:115037)
    at Session.emit (node:events:509:28)
Error occurred in handler for 'relayer:layer-selections-read': Error: No handler registered for 'relayer:layer-selections-read'
    at Session.<anonymous> (node:electron/js2c/browser_init:2:115037)
    at Session.emit (node:events:509:28)
Error occurred in handler for 'relayer:layer-selections-read': Error: No handler registered for 'relayer:layer-selections-read'
    at Session.<anonymous> (node:electron/js2c/browser_init:2:115037)
    at Session.emit (node:events:509:28)
Error occurred in handler for 'relayer:layer-selections-remember': Error: No handler registered for 'relayer:layer-selections-remember'
    at Session.<anonymous> (node:electron/js2c/browser_init:2:115037)
    at Session.emit (node:events:509:28)
Error occurred in handler for 'relayer:workspace-layout-read': Error: No handler registered for 'relayer:workspace-layout-read'
    at Session.<anonymous> (node:electron/js2c/browser_init:2:115037)
    at Session.emit (node:events:509:28)
Error occurred in handler for 'relayer:layer-selections-remember': Error: No handler registered for 'relayer:layer-selections-remember'
    at Session.<anonymous> (node:electron/js2c/browser_init:2:115037)
    at Session.emit (node:events:509:28)
Error occurred in handler for 'relayer:layer-selections-remember': Error: No handler registered for 'relayer:layer-selections-remember'
    at Session.<anonymous> (node:electron/js2c/browser_init:2:115037)
    at Session.emit (node:events:509:28)
Error occurred in handler for 'relayer:layer-selections-remember': Error: No handler registered for 'relayer:layer-selections-remember'
    at Session.<anonymous> (node:electron/js2c/browser_init:2:115037)
    at Session.emit (node:events:509:28)
Error occurred in handler for 'relayer:layer-selections-remember': Error: No handler registered for 'relayer:layer-selections-remember'
    at Session.<anonymous> (node:electron/js2c/browser_init:2:115037)
    at Session.emit (node:events:509:28)
Error occurred in handler for 'relayer:layer-selections-remember': Error: No handler registered for 'relayer:layer-selections-remember'
    at Session.<anonymous> (node:electron/js2c/browser_init:2:115037)
    at Session.emit (node:events:509:28)
RELAYER_FIRST_MESSAGE_SMOKE {"typedPermissions":true,"nativeKeyboardVerified":false,"passed":false,"typedPermissionJourneyPassed":true,"ancillaryFailures":[{"checkpoint":"760px Eval camera preservation","before":[["43",48,228,190,263],["44",450,630,190,263],["42",249,429,347,420]],"after":[["43",48,228,77,150],["44",450,630,77,150],["42",249,429,233,307]],"stageBefore":{"left":70,"right":748,"top":209,"bottom":845,"width":678},"stageAfter":{"left":70,"right":748,"top":196,"bottom":605,"width":678}}],"harness":"fixture-task-system","inferenceCalls":0,"shiftEnterValue":null,"threadCount":1,"completionStatus":"accepted","renderedNodes":["Incoming queue","Two-worker pool","Results store"],"screenshotPath":".relayer/evidence/pr536-final/gated-settled/first-message.png","evalScreenshotPath":".relayer/evidence/pr536-final/gated-settled/first-message-eval.png","evalNarrowScreenshotPath":".relayer/evidence/pr536-final/gated-settled/first-message-eval-narrow.png","productNavigationState":{"rows":4,"scrollable":true,"backEnabled":true,"breadcrumbSegments":2,"selectedNodeId":"43","inspectorFit":{"initialContained":true,"restoredContained":true,"openToOpenPreserved":true,"closePreserved":true,"dragSelectionSuppressed":true}},"evalNavigationState":{"rows":4,"scrollable":true,"backEnabled":true,"breadcrumbSegments":2,"readOnlyCopy":"Read-only evaluation result\n    ✦Model⌄\n    \n      \n        Model\n        Advanced\n      \n      \n      \n      \n    \n  ↑","viewportWidth":1480,"inspectorFit":{"desktopContained":true,"narrowOverlayPreservedStage":true,"narrowOverlayPreservedCamera":false,"redockedContained":true}},"layoutEvidence":{"rootProductEvalParity":true,"childProductEvalParity":true,"narrowViewportPreservedCanonicalLayout":true,"productRootLayout":[["40",223.8,298,"authored"],["41",480,298,"authored"],["42",736.1999999999999,298,"authored"]],"productChildLayout":[["42",480,440.8,"authored"],["43",297,298,"authored"],["44",663,298,"authored"]]},"invokeResultInteractionId":2,"invokeEvidencePaths":{"unresolved":".relayer/evidence/pr536-final/gated-settled/01-unresolved.png","runningDisabled":".relayer/evidence/pr536-final/gated-settled/02-running-disabled.png","resolved":".relayer/evidence/pr536-final/gated-settled/03-resolved.png","crossInteraction":".relayer/evidence/pr536-final/gated-settled/04-cross-interaction-destination.png","revisited":".relayer/evidence/pr536-final/gated-settled/05-revisited-source.png","evalCrossInteraction":".relayer/evidence/pr536-final/gated-settled/06-eval-cross-interaction-destination.png","reopenedSecondOccurrence":".relayer/evidence/pr536-final/gated-settled/07-reopened-second-occurrence.png","reopenedDestination":".relayer/evidence/pr536-final/gated-settled/08-reopened-destination.png"}}
